#===============================================================================
# Copyright 2006-2017 Intel Corporation All Rights Reserved.
#
# The source code,  information  and material  ("Material") contained  herein is
# owned by Intel Corporation or its  suppliers or licensors,  and  title to such
# Material remains with Intel  Corporation or its  suppliers or  licensors.  The
# Material  contains  proprietary  information  of  Intel or  its suppliers  and
# licensors.  The Material is protected by  worldwide copyright  laws and treaty
# provisions.  No part  of  the  Material   may  be  used,  copied,  reproduced,
# modified, published,  uploaded, posted, transmitted,  distributed or disclosed
# in any way without Intel's prior express written permission.  No license under
# any patent,  copyright or other  intellectual property rights  in the Material
# is granted to  or  conferred  upon  you,  either   expressly,  by implication,
# inducement,  estoppel  or  otherwise.  Any  license   under such  intellectual
# property rights must be express and approved by Intel in writing.
#
# Unless otherwise agreed by Intel in writing,  you may not remove or alter this
# notice or  any  other  notice   embedded  in  Materials  by  Intel  or Intel's
# suppliers or licensors in any way.
#===============================================================================

src_lapack95 = \
cbbcsd+ \
chetrs2+ \
clapmr+ \
csyconv+ \
csyswapr+ \
cheswapr+ \
csytri2+ \
csytri2x+ \
csytrs2+ \
cunbdb+ \
cuncsd+ \
cuncsd2by1+ \
cbdsqr+ \
cdtsvb+ \
cdtsvb1+ \
cdttrfb+ \
cdttrsb+ \
cdttrsb1+ \
cgbbrd+ \
cgbcon+ \
cgbequ+ \
cgbrfs+ \
cgbrfs1+ \
cgbsv+ \
cgbsv1+ \
cgbsvx+ \
cgbsvx1+ \
cgbtrf+ \
cgbtrs+ \
cgbtrs1+ \
cgebak+ \
cgebal+ \
cgebrd+ \
cgecon+ \
cgeequ+ \
cgees+ \
cgeesx+ \
cgeev+ \
cgeevx+ \
cgehrd+ \
cgelqf+ \
cgels+ \
cgels1+ \
cgelsd+ \
cgelsd1+ \
cgelss+ \
cgelss1+ \
cgelsy+ \
cgelsy1+ \
cgemqrt+ \
cgeqlf+ \
cgeqp3+ \
cgeqpf+ \
cgeqrf+ \
cgeqrt+ \
cgeqrt2+ \
cgeqrt3+ \
cgerfs+ \
cgerfs1+ \
cgerqf+ \
cgesdd+ \
cgesv+ \
cgesv1+ \
cgesvd+ \
cgesvx+ \
cgesvx1+ \
cgetrf+ \
cgetrfnpi+ \
cgetri+ \
cgetrs+ \
cgetrs1+ \
cggbak+ \
cggbal+ \
cgges+ \
cggesx+ \
cggev+ \
cggevx+ \
cggglm+ \
cgghrd+ \
cgglse+ \
cggqrf+ \
cggrqf+ \
cggsvd+ \
cggsvp+ \
cgtcon+ \
cgtrfs+ \
cgtrfs1+ \
cgtsv+ \
cgtsv1+ \
cgtsvx+ \
cgtsvx1+ \
cgttrf+ \
cgttrs+ \
cgttrs1+ \
chbev+ \
chbevd+ \
chbevx+ \
chbgst+ \
chbgv+ \
chbgvd+ \
chbgvx+ \
chbtrd+ \
checon+ \
checon_rook+ \
cheev+ \
cheevd+ \
cheevr+ \
cheevx+ \
chegst+ \
chegv+ \
chegvd+ \
chegvx+ \
cherfs+ \
cherfs1+ \
chesv+ \
chesv_rook+ \
chesv1+ \
chesv1_rook+ \
chesvx+ \
chesvx1+ \
chetrd+ \
chetrf+ \
chetrf_rook+ \
chetri+ \
chetri_rook+ \
chetri2+ \
chetri2x+ \
chetrs+ \
chetrs_rook+ \
chetrs1+ \
chetrs1_rook+ \
chgeqz+ \
chpcon+ \
chpev+ \
chpevd+ \
chpevx+ \
chpgst+ \
chpgv+ \
chpgvd+ \
chpgvx+ \
chprfs+ \
chprfs1+ \
chpsv+ \
chpsv1+ \
chpsvx+ \
chpsvx1+ \
chptrd+ \
chptrf+ \
chptri+ \
chptrs+ \
chptrs1+ \
chsein+ \
chseqr+ \
cpbcon+ \
cpbequ+ \
cpbrfs+ \
cpbrfs1+ \
cpbstf+ \
cpbsv+ \
cpbsv1+ \
cpbsvx+ \
cpbsvx1+ \
cpbtrf+ \
cpbtrs+ \
cpbtrs1+ \
cpocon+ \
cpoequ+ \
cporfs+ \
cporfs1+ \
cposv+ \
cposv1+ \
cposvx+ \
cposvx1+ \
cpotrf+ \
cpotri+ \
cpotrs+ \
cpotrs1+ \
cppcon+ \
cppequ+ \
cpprfs+ \
cpprfs1+ \
cppsv+ \
cppsv1+ \
cppsvx+ \
cppsvx1+ \
cpptrf+ \
cpptri+ \
cpptrs+ \
cpptrs1+ \
cptcon+ \
cpteqr+ \
cptrfs+ \
cptrfs1+ \
cptsv+ \
cptsv1+ \
cptsvx+ \
cptsvx1+ \
cpttrf+ \
cpttrs+ \
cpttrs1+ \
cspcon+ \
csprfs+ \
csprfs1+ \
cspsv+ \
cspsv1+ \
cspsvx+ \
cspsvx1+ \
csptrf+ \
csptri+ \
csptrs+ \
csptrs1+ \
cstedc+ \
cstegr+ \
cstein+ \
csteqr+ \
csycon+ \
csycon_rook+ \
csyrfs+ \
csyrfs1+ \
csysv+ \
csysv_rook+ \
csysv1+ \
csysv1_rook+ \
csysvx+ \
csysvx1+ \
csytrf+ \
csytrf_rook+ \
csytri+ \
csytri_rook+ \
csytrs+ \
csytrs_rook+ \
csytrs1+ \
csytrs1_rook+ \
ctbcon+ \
ctbrfs+ \
ctbrfs1+ \
ctbtrs+ \
ctbtrs1+ \
ctgevc+ \
ctgexc+ \
ctgsen+ \
ctgsja+ \
ctgsna+ \
ctgsyl+ \
ctpcon+ \
ctpmqrt+ \
ctppack+ \
ctpqrt+ \
ctpqrt2+ \
ctprfb+ \
ctprfs+ \
ctprfs1+ \
ctptri+ \
ctptrs+ \
ctptrs1+ \
ctpunpack+ \
ctrcon+ \
ctrevc+ \
ctrexc+ \
ctrrfs+ \
ctrrfs1+ \
ctrsen+ \
ctrsna+ \
ctrsyl+ \
ctrtri+ \
ctrtrs+ \
ctrtrs1+ \
ctzrzf+ \
cungbr+ \
cunghr+ \
cunglq+ \
cungql+ \
cungqr+ \
cungrq+ \
cungtr+ \
cunmbr+ \
cunmhr+ \
cunmlq+ \
cunmql+ \
cunmqr+ \
cunmrq+ \
cunmrz+ \
cunmtr+ \
cupgtr+ \
cupmtr+ \
dbbcsd+ \
dlapmr+ \
dlartgp+ \
dlartgs+ \
dorbdb+ \
dorcsd+ \
dorcsd2by1+ \
dsyconv+ \
dsyswapr+ \
dsytri2+ \
dsytri2x+ \
dsytrs2+ \
dbdsdc+ \
dbdsqr+ \
ddisna+ \
ddtsvb+ \
ddtsvb1+ \
ddttrfb+ \
ddttrsb+ \
ddttrsb1+ \
dgbbrd+ \
dgbcon+ \
dgbequ+ \
dgbrfs+ \
dgbrfs1+ \
dgbsv+ \
dgbsv1+ \
dgbsvx+ \
dgbsvx1+ \
dgbtrf+ \
dgbtrs+ \
dgbtrs1+ \
dgebak+ \
dgebal+ \
dgebrd+ \
dgecon+ \
dgeequ+ \
dgees+ \
dgeesx+ \
dgeev+ \
dgeevx+ \
dgehrd+ \
dgelqf+ \
dgels+ \
dgels1+ \
dgelsd+ \
dgelsd1+ \
dgelss+ \
dgelss1+ \
dgelsy+ \
dgelsy1+ \
dgemqrt+ \
dgeqlf+ \
dgeqp3+ \
dgeqpf+ \
dgeqrf+ \
dgeqrt+ \
dgeqrt2+ \
dgeqrt3+ \
dgerfs+ \
dgerfs1+ \
dgerqf+ \
dgesdd+ \
dgesv+ \
dgesv1+ \
dgesvd+ \
dgesvx+ \
dgesvx1+ \
dgetrf+ \
dgetrfnpi+ \
dgetri+ \
dgetrs+ \
dgetrs1+ \
dggbak+ \
dggbal+ \
dgges+ \
dggesx+ \
dggev+ \
dggevx+ \
dggglm+ \
dgghrd+ \
dgglse+ \
dggqrf+ \
dggrqf+ \
dggsvd+ \
dggsvp+ \
dgtcon+ \
dgtrfs+ \
dgtrfs1+ \
dgtsv+ \
dgtsv1+ \
dgtsvx+ \
dgtsvx1+ \
dgttrf+ \
dgttrs+ \
dgttrs1+ \
dhgeqz+ \
dhsein+ \
dhseqr+ \
dopgtr+ \
dopmtr+ \
dorgbr+ \
dorghr+ \
dorglq+ \
dorgql+ \
dorgqr+ \
dorgrq+ \
dorgtr+ \
dormbr+ \
dormhr+ \
dormlq+ \
dormql+ \
dormqr+ \
dormrq+ \
dormrz+ \
dormtr+ \
dpbcon+ \
dpbequ+ \
dpbrfs+ \
dpbrfs1+ \
dpbstf+ \
dpbsv+ \
dpbsv1+ \
dpbsvx+ \
dpbsvx1+ \
dpbtrf+ \
dpbtrs+ \
dpbtrs1+ \
dpocon+ \
dpoequ+ \
dporfs+ \
dporfs1+ \
dposv+ \
dposv1+ \
dposvx+ \
dposvx1+ \
dpotrf+ \
dpotri+ \
dpotrs+ \
dpotrs1+ \
dppcon+ \
dppequ+ \
dpprfs+ \
dpprfs1+ \
dppsv+ \
dppsv1+ \
dppsvx+ \
dppsvx1+ \
dpptrf+ \
dpptri+ \
dpptrs+ \
dpptrs1+ \
dptcon+ \
dpteqr+ \
dptrfs+ \
dptrfs1+ \
dptsv+ \
dptsv1+ \
dptsvx+ \
dptsvx1+ \
dpttrf+ \
dpttrs+ \
dpttrs1+ \
dsbev+ \
dsbevd+ \
dsbevx+ \
dsbgst+ \
dsbgv+ \
dsbgvd+ \
dsbgvx+ \
dsbtrd+ \
dspcon+ \
dspev+ \
dspevd+ \
dspevx+ \
dspgst+ \
dspgv+ \
dspgvd+ \
dspgvx+ \
dsprfs+ \
dsprfs1+ \
dspsv+ \
dspsv1+ \
dspsvx+ \
dspsvx1+ \
dsptrd+ \
dsptrf+ \
dsptri+ \
dsptrs+ \
dsptrs1+ \
dstebz+ \
dstedc+ \
dstegr+ \
dstein+ \
dsteqr+ \
dsterf+ \
dstev+ \
dstevd+ \
dstevr+ \
dstevx+ \
dsycon+ \
dsycon_rook+ \
dsyev+ \
dsyevd+ \
dsyevr+ \
dsyevx+ \
dsygst+ \
dsygv+ \
dsygvd+ \
dsygvx+ \
dsyrfs+ \
dsyrfs1+ \
dsysv+ \
dsysv_rook+ \
dsysv1+ \
dsysv1_rook+ \
dsysvx+ \
dsysvx1+ \
dsytrd+ \
dsytrf+ \
dsytrf_rook+ \
dsytri+ \
dsytri_rook+ \
dsytrs+ \
dsytrs_rook+ \
dsytrs1+ \
dsytrs1_rook+ \
dtbcon+ \
dtbrfs+ \
dtbrfs1+ \
dtbtrs+ \
dtbtrs1+ \
dtgevc+ \
dtgexc+ \
dtgsen+ \
dtgsja+ \
dtgsna+ \
dtgsyl+ \
dtpcon+ \
dtpmqrt+ \
dtppack+ \
dtpqrt+ \
dtpqrt2+ \
dtprfb+ \
dtprfs+ \
dtprfs1+ \
dtptri+ \
dtptrs+ \
dtptrs1+ \
dtpunpack+ \
dtrcon+ \
dtrevc+ \
dtrexc+ \
dtrrfs+ \
dtrrfs1+ \
dtrsen+ \
dtrsna+ \
dtrsyl+ \
dtrtri+ \
dtrtrs+ \
dtrtrs1+ \
dtzrzf+ \
sbbcsd+ \
slapmr+ \
slartgp+ \
slartgs+ \
sorbdb+ \
sorcsd+ \
sorcsd2by1+ \
ssyconv+ \
ssyswapr+ \
ssytri2+ \
ssytri2x+ \
ssytrs2+ \
sbdsdc+ \
sbdsqr+ \
sdisna+ \
sdtsvb+ \
sdtsvb1+ \
sdttrfb+ \
sdttrsb+ \
sdttrsb1+ \
sgbbrd+ \
sgbcon+ \
sgbequ+ \
sgbrfs+ \
sgbrfs1+ \
sgbsv+ \
sgbsv1+ \
sgbsvx+ \
sgbsvx1+ \
sgbtrf+ \
sgbtrs+ \
sgbtrs1+ \
sgebak+ \
sgebal+ \
sgebrd+ \
sgecon+ \
sgeequ+ \
sgees+ \
sgeesx+ \
sgeev+ \
sgeevx+ \
sgehrd+ \
sgelqf+ \
sgels+ \
sgels1+ \
sgelsd+ \
sgelsd1+ \
sgelss+ \
sgelss1+ \
sgelsy+ \
sgelsy1+ \
sgemqrt+ \
sgeqlf+ \
sgeqp3+ \
sgeqpf+ \
sgeqrf+ \
sgeqrt+ \
sgeqrt2+ \
sgeqrt3+ \
sgerfs+ \
sgerfs1+ \
sgerqf+ \
sgesdd+ \
sgesv+ \
sgesv1+ \
sgesvd+ \
sgesvx+ \
sgesvx1+ \
sgetrf+ \
sgetrfnpi+ \
sgetri+ \
sgetrs+ \
sgetrs1+ \
sggbak+ \
sggbal+ \
sgges+ \
sggesx+ \
sggev+ \
sggevx+ \
sggglm+ \
sgghrd+ \
sgglse+ \
sggqrf+ \
sggrqf+ \
sggsvd+ \
sggsvp+ \
sgtcon+ \
sgtrfs+ \
sgtrfs1+ \
sgtsv+ \
sgtsv1+ \
sgtsvx+ \
sgtsvx1+ \
sgttrf+ \
sgttrs+ \
sgttrs1+ \
shgeqz+ \
shsein+ \
shseqr+ \
sopgtr+ \
sopmtr+ \
sorgbr+ \
sorghr+ \
sorglq+ \
sorgql+ \
sorgqr+ \
sorgrq+ \
sorgtr+ \
sormbr+ \
sormhr+ \
sormlq+ \
sormql+ \
sormqr+ \
sormrq+ \
sormrz+ \
sormtr+ \
spbcon+ \
spbequ+ \
spbrfs+ \
spbrfs1+ \
spbstf+ \
spbsv+ \
spbsv1+ \
spbsvx+ \
spbsvx1+ \
spbtrf+ \
spbtrs+ \
spbtrs1+ \
spocon+ \
spoequ+ \
sporfs+ \
sporfs1+ \
sposv+ \
sposv1+ \
sposvx+ \
sposvx1+ \
spotrf+ \
spotri+ \
spotrs+ \
spotrs1+ \
sppcon+ \
sppequ+ \
spprfs+ \
spprfs1+ \
sppsv+ \
sppsv1+ \
sppsvx+ \
sppsvx1+ \
spptrf+ \
spptri+ \
spptrs+ \
spptrs1+ \
sptcon+ \
spteqr+ \
sptrfs+ \
sptrfs1+ \
sptsv+ \
sptsv1+ \
sptsvx+ \
sptsvx1+ \
spttrf+ \
spttrs+ \
spttrs1+ \
ssbev+ \
ssbevd+ \
ssbevx+ \
ssbgst+ \
ssbgv+ \
ssbgvd+ \
ssbgvx+ \
ssbtrd+ \
sspcon+ \
sspev+ \
sspevd+ \
sspevx+ \
sspgst+ \
sspgv+ \
sspgvd+ \
sspgvx+ \
ssprfs+ \
ssprfs1+ \
sspsv+ \
sspsv1+ \
sspsvx+ \
sspsvx1+ \
ssptrd+ \
ssptrf+ \
ssptri+ \
ssptrs+ \
ssptrs1+ \
sstebz+ \
sstedc+ \
sstegr+ \
sstein+ \
ssteqr+ \
ssterf+ \
sstev+ \
sstevd+ \
sstevr+ \
sstevx+ \
ssycon+ \
ssycon_rook+ \
ssyev+ \
ssyevd+ \
ssyevr+ \
ssyevx+ \
ssygst+ \
ssygv+ \
ssygvd+ \
ssygvx+ \
ssyrfs+ \
ssyrfs1+ \
ssysv+ \
ssysv_rook+ \
ssysv1+ \
ssysv1_rook+ \
ssysvx+ \
ssysvx1+ \
ssytrd+ \
ssytrf+ \
ssytrf_rook+ \
ssytri+ \
ssytri_rook+ \
ssytrs+ \
ssytrs_rook+ \
ssytrs1+ \
ssytrs1_rook+ \
stbcon+ \
stbrfs+ \
stbrfs1+ \
stbtrs+ \
stbtrs1+ \
stgevc+ \
stgexc+ \
stgsen+ \
stgsja+ \
stgsna+ \
stgsyl+ \
stpcon+ \
stpmqrt+ \
stppack+ \
stpqrt+ \
stpqrt2+ \
stprfb+ \
stprfs+ \
stprfs1+ \
stptri+ \
stptrs+ \
stptrs1+ \
stpunpack+ \
strcon+ \
strevc+ \
strexc+ \
strrfs+ \
strrfs1+ \
strsen+ \
strsna+ \
strsyl+ \
strtri+ \
strtrs+ \
strtrs1+ \
stzrzf+ \
zbbcsd+ \
zhetrs2+ \
zlapmr+ \
zsyconv+ \
zsyswapr+ \
zheswapr+ \
zsytri2+ \
zsytri2x+ \
zsytrs2+ \
zunbdb+ \
zuncsd+ \
zuncsd2by1+ \
zbdsqr+ \
zdtsvb+ \
zdtsvb1+ \
zdttrfb+ \
zdttrsb+ \
zdttrsb1+ \
zgbbrd+ \
zgbcon+ \
zgbequ+ \
zgbrfs+ \
zgbrfs1+ \
zgbsv+ \
zgbsv1+ \
zgbsvx+ \
zgbsvx1+ \
zgbtrf+ \
zgbtrs+ \
zgbtrs1+ \
zgebak+ \
zgebal+ \
zgebrd+ \
zgecon+ \
zgeequ+ \
zgees+ \
zgeesx+ \
zgeev+ \
zgeevx+ \
zgehrd+ \
zgelqf+ \
zgels+ \
zgels1+ \
zgelsd+ \
zgelsd1+ \
zgelss+ \
zgelss1+ \
zgelsy+ \
zgelsy1+ \
zgemqrt+ \
zgeqlf+ \
zgeqp3+ \
zgeqpf+ \
zgeqrf+ \
zgeqrt+ \
zgeqrt2+ \
zgeqrt3+ \
zgerfs+ \
zgerfs1+ \
zgerqf+ \
zgesdd+ \
zgesv+ \
zgesv1+ \
zgesvd+ \
zgesvx+ \
zgesvx1+ \
zgetrf+ \
zgetrfnpi+ \
zgetri+ \
zgetrs+ \
zgetrs1+ \
zggbak+ \
zggbal+ \
zgges+ \
zggesx+ \
zggev+ \
zggevx+ \
zggglm+ \
zgghrd+ \
zgglse+ \
zggqrf+ \
zggrqf+ \
zggsvd+ \
zggsvp+ \
zgtcon+ \
zgtrfs+ \
zgtrfs1+ \
zgtsv+ \
zgtsv1+ \
zgtsvx+ \
zgtsvx1+ \
zgttrf+ \
zgttrs+ \
zgttrs1+ \
zhbev+ \
zhbevd+ \
zhbevx+ \
zhbgst+ \
zhbgv+ \
zhbgvd+ \
zhbgvx+ \
zhbtrd+ \
zhecon+ \
zhecon_rook+ \
zheev+ \
zheevd+ \
zheevr+ \
zheevx+ \
zhegst+ \
zhegv+ \
zhegvd+ \
zhegvx+ \
zherfs+ \
zherfs1+ \
zhesv+ \
zhesv_rook+ \
zhesv1+ \
zhesv1_rook+ \
zhesvx+ \
zhesvx1+ \
zhetrd+ \
zhetrf+ \
zhetrf_rook+ \
zhetri+ \
zhetri_rook+ \
zhetri2+ \
zhetri2x+ \
zhetrs+ \
zhetrs_rook+ \
zhetrs1+ \
zhetrs1_rook+ \
zhgeqz+ \
zhpcon+ \
zhpev+ \
zhpevd+ \
zhpevx+ \
zhpgst+ \
zhpgv+ \
zhpgvd+ \
zhpgvx+ \
zhprfs+ \
zhprfs1+ \
zhpsv+ \
zhpsv1+ \
zhpsvx+ \
zhpsvx1+ \
zhptrd+ \
zhptrf+ \
zhptri+ \
zhptrs+ \
zhptrs1+ \
zhsein+ \
zhseqr+ \
zpbcon+ \
zpbequ+ \
zpbrfs+ \
zpbrfs1+ \
zpbstf+ \
zpbsv+ \
zpbsv1+ \
zpbsvx+ \
zpbsvx1+ \
zpbtrf+ \
zpbtrs+ \
zpbtrs1+ \
zpocon+ \
zpoequ+ \
zporfs+ \
zporfs1+ \
zposv+ \
zposv1+ \
zposvx+ \
zposvx1+ \
zpotrf+ \
zpotri+ \
zpotrs+ \
zpotrs1+ \
zppcon+ \
zppequ+ \
zpprfs+ \
zpprfs1+ \
zppsv+ \
zppsv1+ \
zppsvx+ \
zppsvx1+ \
zpptrf+ \
zpptri+ \
zpptrs+ \
zpptrs1+ \
zptcon+ \
zpteqr+ \
zptrfs+ \
zptrfs1+ \
zptsv+ \
zptsv1+ \
zptsvx+ \
zptsvx1+ \
zpttrf+ \
zpttrs+ \
zpttrs1+ \
zspcon+ \
zsprfs+ \
zsprfs1+ \
zspsv+ \
zspsv1+ \
zspsvx+ \
zspsvx1+ \
zsptrf+ \
zsptri+ \
zsptrs+ \
zsptrs1+ \
zstedc+ \
zstegr+ \
zstein+ \
zsteqr+ \
zsycon+ \
zsycon_rook+ \
zsyrfs+ \
zsyrfs1+ \
zsysv+ \
zsysv_rook+ \
zsysv1+ \
zsysv1_rook+ \
zsysvx+ \
zsysvx1+ \
zsytrf+ \
zsytrf_rook+ \
zsytri+ \
zsytri_rook+ \
zsytrs+ \
zsytrs_rook+ \
zsytrs1+ \
zsytrs1_rook+ \
ztbcon+ \
ztbrfs+ \
ztbrfs1+ \
ztbtrs+ \
ztbtrs1+ \
ztgevc+ \
ztgexc+ \
ztgsen+ \
ztgsja+ \
ztgsna+ \
ztgsyl+ \
ztpcon+ \
ztpmqrt+ \
ztppack+ \
ztpqrt+ \
ztpqrt2+ \
ztprfb+ \
ztprfs+ \
ztprfs1+ \
ztptri+ \
ztptrs+ \
ztptrs1+ \
ztpunpack+ \
ztrcon+ \
ztrevc+ \
ztrexc+ \
ztrrfs+ \
ztrrfs1+ \
ztrsen+ \
ztrsna+ \
ztrsyl+ \
ztrtri+ \
ztrtrs+ \
ztrtrs1+ \
ztzrzf+ \
zungbr+ \
zunghr+ \
zunglq+ \
zungql+ \
zungqr+ \
zungrq+ \
zungtr+ \
zunmbr+ \
zunmhr+ \
zunmlq+ \
zunmql+ \
zunmqr+ \
zunmrq+ \
zunmrz+ \
zunmtr+ \
zupgtr+ \
zupmtr+
